// Jest Snapshot v1, https://goo.gl/fbAQLP

exports[`ItemList displays items 1`] = `
<View>
  <View
    style={
      Object {
        "borderBottomWidth": 1,
        "borderColor": "#AAAAAA",
        "borderStyle": "solid",
        "flexDirection": "row",
        "justifyContent": "space-between",
        "padding": 10,
      }
    }
  >
    <Text
      style={
        Object {
          "fontSize": 18,
        }
      }
    >
      chicken
    </Text>
    <Text
      style={
        Object {
          "fontSize": 18,
        }
      }
    >
      100
    </Text>
  </View>
</View>
`;
