// Jest Snapshot v1, https://goo.gl/fbAQLP

exports[`ItemList displays items 1`] = `
<View>
  <View
    key="00000000-0000-0000-0000-000000000000"
    style={
      Object {
        "borderBottomWidth": 1,
        "borderColor": "#AAAAAA",
        "borderStyle": "solid",
        "flexDirection": "row",
        "justifyContent": "space-between",
        "padding": 10,
      }
    }
  >
    <Text
      style={
        Object {
          "fontSize": 18,
        }
      }
    >
      chicken
    </Text>
    <Text
      style={
        Object {
          "fontSize": 18,
        }
      }
    >
      100
    </Text>
    <TouchableOpacity
      activeOpacity={0.2}
      key="00000000-0000-0000-0000-000000000000"
      onPress={[Function]}
      testID="RemoveButton"
    >
      <Text>
        X
      </Text>
    </TouchableOpacity>
  </View>
  <View
    key="11111111-1111-1111-1111-111111111111"
    style={
      Object {
        "borderBottomWidth": 1,
        "borderColor": "#AAAAAA",
        "borderStyle": "solid",
        "flexDirection": "row",
        "justifyContent": "space-between",
        "padding": 10,
      }
    }
  >
    <Text
      style={
        Object {
          "fontSize": 18,
        }
      }
    >
      beef
    </Text>
    <Text
      style={
        Object {
          "fontSize": 18,
        }
      }
    >
      200
    </Text>
    <TouchableOpacity
      activeOpacity={0.2}
      key="11111111-1111-1111-1111-111111111111"
      onPress={[Function]}
      testID="RemoveButton"
    >
      <Text>
        X
      </Text>
    </TouchableOpacity>
  </View>
</View>
`;
