// Jest Snapshot v1, https://goo.gl/fbAQLP

exports[`Connect displays the items and allows adding items 1`] = `
<View>
  <View
    style={
      Object {
        "backgroundColor": "#e4ebee",
        "flexDirection": "row",
        "justifyContent": "space-between",
        "padding": 10,
      }
    }
  >
    <TextInput
      allowFontScaling={true}
      onChangeText={[Function]}
      placeholder="Item"
      rejectResponderTermination={true}
      style={
        Object {
          "borderBottomWidth": 1,
          "borderColor": "#AAAAAA",
          "borderStyle": "solid",
          "fontSize": 18,
          "width": "60%",
        }
      }
      testID="NameField"
      underlineColorAndroid="transparent"
      value="Beef"
    />
    <TextInput
      allowFontScaling={true}
      keyboardType="numeric"
      onChangeText={[Function]}
      placeholder="Cals"
      rejectResponderTermination={true}
      style={
        Object {
          "borderBottomWidth": 1,
          "borderColor": "#AAAAAA",
          "borderStyle": "solid",
          "fontSize": 18,
          "width": "15%",
        }
      }
      testID="CalorieField"
      underlineColorAndroid="transparent"
    />
    <View
      accessible={true}
      isTVSelectable={true}
      onResponderGrant={[Function]}
      onResponderMove={[Function]}
      onResponderRelease={[Function]}
      onResponderTerminate={[Function]}
      onResponderTerminationRequest={[Function]}
      onStartShouldSetResponder={[Function]}
      style={
        Object {
          "alignItems": "center",
          "backgroundColor": "#1b5fff",
          "borderColor": "#EEEEEE",
          "borderStyle": "solid",
          "borderWidth": 1,
          "fontSize": 18,
          "justifyContent": "center",
          "opacity": 1,
          "width": "15%",
        }
      }
      testID="AddButton"
    >
      <Text
        style={
          Object {
            "color": "#FFFFFF",
            "fontSize": 18,
            "fontWeight": "bold",
          }
        }
      >
        +
      </Text>
    </View>
  </View>
  <View>
    <View
      style={
        Object {
          "borderBottomWidth": 1,
          "borderColor": "#AAAAAA",
          "borderStyle": "solid",
          "flexDirection": "row",
          "justifyContent": "space-between",
          "padding": 10,
        }
      }
    >
      <Text
        style={
          Object {
            "fontSize": 18,
          }
        }
      >
        Chicken
      </Text>
      <Text
        style={
          Object {
            "fontSize": 18,
          }
        }
      >
        100
      </Text>
    </View>
  </View>
</View>
`;
